--------------------------------------------------------------------------------
Release 14.7 Trace  (nt)
Copyright (c) 1995-2013 Xilinx, Inc.  All rights reserved.

E:\Xilinx\14.7\ISE_DS\ISE\bin\nt\unwrapped\trce.exe -intstyle ise -v 3 -s 2 -n
3 -fastpaths -xml string.twx string.ncd -o string.twr string.pcf

Design file:              string.ncd
Physical constraint file: string.pcf
Device,package,speed:     xc6slx150,fgg676,C,-2 (PRODUCTION 1.23 2013-10-13)
Report level:             verbose report

Environment Variable      Effect 
--------------------      ------ 
NONE                      No environment variables were set
--------------------------------------------------------------------------------

INFO:Timing:2698 - No timing constraints found, doing default enumeration.
INFO:Timing:3412 - To improve timing, see the Timing Closure User Guide (UG612).
INFO:Timing:2752 - To get complete path coverage, use the unconstrained paths 
   option. All paths that are not constrained will be reported in the 
   unconstrained paths section(s) of the report.
INFO:Timing:3339 - The clock-to-out numbers in this timing report are based on 
   a 50 Ohm transmission line loading model.  For the details of this model, 
   and for more information on accounting for different loading conditions, 
   please see the device datasheet.



Data Sheet report:
-----------------
All values displayed in nanoseconds (ns)

Setup/Hold to clock clk
------------+------------+------------+------------+------------+------------------+--------+
            |Max Setup to|  Process   |Max Hold to |  Process   |                  | Clock  |
Source      | clk (edge) |   Corner   | clk (edge) |   Corner   |Internal Clock(s) | Phase  |
------------+------------+------------+------------+------------+------------------+--------+
clr         |    1.312(R)|      SLOW  |    1.144(R)|      SLOW  |clk_BUFGP         |   0.000|
in<1>       |    1.858(R)|      SLOW  |    0.229(R)|      SLOW  |clk_BUFGP         |   0.000|
in<2>       |    1.403(R)|      SLOW  |    0.485(R)|      SLOW  |clk_BUFGP         |   0.000|
in<3>       |    1.102(R)|      SLOW  |    0.576(R)|      SLOW  |clk_BUFGP         |   0.000|
in<4>       |    1.201(R)|      SLOW  |    0.505(R)|      SLOW  |clk_BUFGP         |   0.000|
in<5>       |    1.701(R)|      SLOW  |    0.233(R)|      SLOW  |clk_BUFGP         |   0.000|
in<6>       |    1.991(R)|      SLOW  |   -0.046(R)|      SLOW  |clk_BUFGP         |   0.000|
in<7>       |    2.309(R)|      SLOW  |   -0.341(R)|      SLOW  |clk_BUFGP         |   0.000|
------------+------------+------------+------------+------------+------------------+--------+

Clock clk to Pad
------------+-----------------+------------+-----------------+------------+------------------+--------+
            |Max (slowest) clk|  Process   |Min (fastest) clk|  Process   |                  | Clock  |
Destination |  (edge) to PAD  |   Corner   |  (edge) to PAD  |   Corner   |Internal Clock(s) | Phase  |
------------+-----------------+------------+-----------------+------------+------------------+--------+
out         |        10.169(R)|      SLOW  |         4.292(R)|      FAST  |clk_BUFGP         |   0.000|
------------+-----------------+------------+-----------------+------------+------------------+--------+

Clock to Setup on destination clock clk
---------------+---------+---------+---------+---------+
               | Src:Rise| Src:Fall| Src:Rise| Src:Fall|
Source Clock   |Dest:Rise|Dest:Rise|Dest:Fall|Dest:Fall|
---------------+---------+---------+---------+---------+
clk            |    2.309|         |         |         |
---------------+---------+---------+---------+---------+


Analysis completed Wed Nov 08 23:50:28 2017 
--------------------------------------------------------------------------------

Trace Settings:
-------------------------
Trace Settings 

Peak Memory Usage: 282 MB



